// Jest Snapshot v1, https://goo.gl/fbAQLP

exports[`Select tests basic tests matches the snapshot 1`] = `
.c0 {
  width: 100%;
}

.c1 {
  position: relative;
  outline: 0;
  font-family: Poppins,sans-serif;
}

.c2 {
  border-radius: 3px;
  font-size: 14px;
  width: 100%;
  padding: 8px 0;
  display: -webkit-box;
  display: -webkit-flex;
  display: -ms-flexbox;
  display: flex;
  -webkit-align-items: center;
  -webkit-box-align: center;
  -ms-flex-align: center;
  align-items: center;
  --select-select-color: #686978;
  --select-select-border: 1px solid #DFDFE8;
  color: var(--select-select-color);
  border: var(--select-select-border);
}

.c4 {
  margin-right: 15px;
  -webkit-flex-basis: 22px;
  -ms-flex-preferred-size: 22px;
  flex-basis: 22px;
  -webkit-flex-shrink: 0;
  -ms-flex-negative: 0;
  flex-shrink: 0;
  height: 22px;
}

.c3 {
  -webkit-box-flex: 1;
  -webkit-flex-grow: 1;
  -ms-flex-positive: 1;
  flex-grow: 1;
  padding: 0 5px 0 13px;
  overflow: hidden;
  white-space: nowrap;
  text-overflow: ellipsis;
}

.c6 {
  position: absolute;
  top: calc(100% + 4px);
  left: 0;
  width: 100%;
  border-radius: 3px;
  box-shadow: 0 2px 5px 0 rgba(223,223,232,0.5);
  background-color: #fff;
  border: solid 1px #dfdfe8;
  overflow: hidden;
  z-index: 2;
  display: none;
  padding: 9px 0;
}

.c7 {
  font-size: 14px;
  line-height: 36px;
  color: #1b1d2f;
  position: relative;
  padding: 0 0 0 12px;
  display: -webkit-box;
  display: -webkit-flex;
  display: -ms-flexbox;
  display: flex;
  background: #e9f0ff;
}

.c11 {
  font-size: 14px;
  line-height: 36px;
  color: #1b1d2f;
  position: relative;
  padding: 0 0 0 12px;
  display: -webkit-box;
  display: -webkit-flex;
  display: -ms-flexbox;
  display: flex;
  background: #fff;
}

.c8 {
  -webkit-flex-basis: 11px;
  -ms-flex-preferred-size: 11px;
  flex-basis: 11px;
  -webkit-flex-shrink: 0;
  -ms-flex-negative: 0;
  flex-shrink: 0;
  display: -webkit-box;
  display: -webkit-flex;
  display: -ms-flexbox;
  display: flex;
  -webkit-align-items: center;
  -webkit-box-align: center;
  -ms-flex-align: center;
  align-items: center;
  color: #A1A8F2;
}

.c10 {
  -webkit-box-flex: 1;
  -webkit-flex-grow: 1;
  -ms-flex-positive: 1;
  flex-grow: 1;
  padding: 0 21px 0 6px;
  overflow: hidden;
  white-space: nowrap;
  text-overflow: ellipsis;
}

.c5 {
  width: 100%;
  height: 100%;
  fill: currentColor;
}

.c9 {
  width: 100%;
  height: 100%;
  fill: currentColor;
}

<div
  className="c0"
  id="select"
>
  <div
    className="c1"
    onBlur={[Function]}
    tabIndex={0}
  >
    <div
      className="c2"
      onClick={[Function]}
      type="light"
    >
      <div
        className="c3"
      >
        01
      </div>
      <div
        className="c4"
      >
        <svg
          aria-hidden="true"
          className="c5"
          focusable="false"
          viewBox="0 0 32 32"
        >
          <path
            d="M16 17.68292l6.3492-5.44218c.41933-.35942 1.05063-.31086 1.41006.10847.35942.41932.31086 1.05062-.10847 1.41005l-7 6c-.37449.32099-.9271.32099-1.30158 0l-7-6c-.41933-.35943-.46789-.99073-.10847-1.41005.35943-.41933.99073-.46789 1.41005-.10847L16 17.68292z"
          />
        </svg>
      </div>
    </div>
    <div
      className="c6"
    >
      <div
        className="c7"
        onClick={[Function]}
        selected={true}
      >
        <div
          className="c8"
        >
          <svg
            aria-hidden="true"
            className="c9"
            focusable="false"
            viewBox="0 0 32 32"
          >
            <path
              d="M13.06676 25.00001c-.263 0-.517-.104-.704-.29l-8.067-8c-.392-.389-.395-1.022-.005-1.414.387-.392 1.021-.395 1.414-.006l7.309 7.249 13.233-15.196c.361-.416.993-.46 1.41-.097.417.363.46.994.098 1.411l-13.934 16c-.181.208-.441.332-.717.342-.013.001-.025.001-.037.001"
              fillRule="evenodd"
            />
          </svg>
        </div>
        <div
          className="c10"
        >
          01
        </div>
      </div>
      <div
        className="c11"
        onClick={[Function]}
        selected={false}
      >
        <div
          className="c8"
        />
        <div
          className="c10"
        >
          11
        </div>
      </div>
      <div
        className="c11"
        onClick={[Function]}
        selected={false}
      >
        <div
          className="c8"
        />
        <div
          className="c10"
        >
          12
        </div>
      </div>
    </div>
  </div>
</div>
`;
