// Jest Snapshot v1, https://goo.gl/fbAQLP

exports[`Grant complete tests basic tests matches the snapshot 1`] = `
.c0 {
  text-align: center;
  width: 100%;
  margin: 40px 0 0;
}

.c1 {
  border-radius: 6px;
  background-color: #f1f1f5;
  padding: 5px 10px 20px;
}

.c2 {
  font-size: 14px;
  font-weight: 300;
  line-height: 1.57;
  color: #838391;
  margin: 11px 0 5px;
}

.c3 {
  font-size: 18px;
  line-height: 1.22;
  text-align: center;
  color: #c12d7c;
}

.c4 {
  margin-top: 32px;
}

.c6 {
  --brand-color-subtle: #fb542b1a;
  --brand-color-hover: #ff977d;
  --brand-color-main: #ff7654;
  --brand-color-pressed: #FB542B;
  --brand-style-focus-shadow: 0 0 0 4px #ff765466;
  --icon-size: 18px;
  --icon-spacing: 6px;
  --webkit-appearance: none;
  box-sizing: border-box;
  background: none;
  border: none;
  outline-color: transparent;
  display: -webkit-box;
  display: -webkit-flex;
  display: -ms-flexbox;
  display: flex;
  -webkit-flex-direction: row-reverse;
  -ms-flex-direction: row-reverse;
  flex-direction: row-reverse;
  -webkit-box-pack: center;
  -webkit-justify-content: center;
  -ms-flex-pack: center;
  justify-content: center;
  -webkit-align-items: center;
  -webkit-box-align: center;
  -ms-flex-align: center;
  align-items: center;
  font-family: Muli,sans-serif;
  cursor: pointer;
  -webkit-user-select: none;
  -moz-user-select: none;
  -ms-user-select: none;
  user-select: none;
  font-size: 16px;
  border-radius: 28px;
  width: 100%;
  min-width: 235px;
  padding: 19px 15px;
  opacity: none;
}

.c5 {
  color: #fff;
  background: var(--brand-color-main);
}

.c5:hover:enabled {
  background: var(--brand-color-hover);
}

.c5:focus:enabled {
  background: var(--brand-color-main);
  box-shadow: var(--brand-style-focus-shadow);
}

.c5:active:enabled {
  background: var(--brand-color-main);
  box-shadow: var(--brand-style-focus-shadow);
}

.c7 {
  min-height: var(--icon-size);
  display: -webkit-box;
  display: -webkit-flex;
  display: -ms-flexbox;
  display: flex;
  -webkit-align-items: center;
  -webkit-box-align: center;
  -ms-flex-align: center;
  align-items: center;
  text-align: center;
  -webkit-letter-spacing: 0;
  -moz-letter-spacing: 0;
  -ms-letter-spacing: 0;
  letter-spacing: 0;
  font-weight: 700;
  text-transform: uppercase;
  line-height: 1;
}

<div
  className="c0"
  id="complete"
>
  <div
    className="c1"
  >
    <div
      className="c2"
    />
    <div
      className="c3"
    >
       BAT
    </div>
  </div>
  <div
    className="c4"
  >
    <button
      className="c5 c6"
      id="grant-completed-ok"
      size="call-to-action"
    >
      <div
        className="c7"
        size="call-to-action"
      >
        MISSING: ok
      </div>
    </button>
  </div>
</div>
`;
