// Jest Snapshot v1, https://goo.gl/fbAQLP

exports[`WelcomePage tests basic tests matches the snapshot 1`] = `
.c5 {
  text-align: center;
  min-height: 610px;
  padding: 60px 0 25px 0;
  border-top-left-radius: 35px;
  border-top-right-radius: 35px;
  background: linear-gradient(#392DD1,#8C41DE);
  border-bottom-left-radius: 150% 120px;
  border-bottom-right-radius: 150% 120px;
}

.c34 {
  height: 290px;
  border-radius: 4px;
  text-align: center;
  padding: 31px 15px 15px;
  background: #fff;
  max-width: 275px;
  margin: 0 auto;
  box-shadow: 0 0 10px 0 rgba(99,105,110,0.12);
  font-family: Poppins,sans-serif;
}

.c37 {
  color: #222326;
  font-size: 18px;
  font-weight: 500;
  line-height: 28px;
  -webkit-letter-spacing: 0.16px;
  -moz-letter-spacing: 0.16px;
  -ms-letter-spacing: 0.16px;
  letter-spacing: 0.16px;
}

.c38 {
  color: #686978;
  font-size: 16px;
  line-height: 22px;
  font-family: Muli,sans-serif;
  -webkit-letter-spacing: 0.16px;
  -moz-letter-spacing: 0.16px;
  -ms-letter-spacing: 0.16px;
  letter-spacing: 0.16px;
  margin: 10px 0 8px;
  font-weight: 400;
}

.c35 {
  box-sizing: border-box;
  display: block;
  max-width: 100%;
  margin: 10px auto 20px;
  height: 80px;
}

.c32 {
  display: grid;
  grid-gap: 0px;
  grid-template-columns: 1fr 1fr 1fr;
  -webkit-align-items: center;
  -webkit-box-align: center;
  -ms-flex-align: center;
  align-items: center;
  -webkit-box-pack: center;
  -webkit-justify-content: center;
  -ms-flex-pack: center;
  justify-content: center;
}

.c33 {
  padding: 0 10px;
}

.c23 {
  width: 100%;
  height: 100%;
  fill: currentColor;
}

.c22 {
  -webkit-transform: rotate(-90deg);
  -ms-transform: rotate(-90deg);
  transform: rotate(-90deg);
}

.c39 {
  width: 100%;
  height: 100%;
  fill: currentColor;
}

.c7 {
  width: 100%;
  height: 100%;
  fill: currentColor;
}

.c36 {
  width: 100%;
  height: 100%;
  fill: currentColor;
}

.c40 {
  width: 100%;
  height: 100%;
  fill: currentColor;
}

.c11 {
  box-sizing: border-box;
  font-family: Poppins,sans-serif;
  font-weight: 400;
  -webkit-font-smoothing: antialiased;
  margin: 0;
}

.c10 {
  font-size: 40px;
}

.c29 {
  box-sizing: border-box;
  font-family: Poppins,sans-serif;
  font-weight: 400;
  -webkit-font-smoothing: antialiased;
  margin: 0;
}

.c28 {
  font-size: 32px;
}

.c15 {
  box-sizing: border-box;
  font-family: Poppins,sans-serif;
  font-weight: 400;
  -webkit-font-smoothing: antialiased;
  margin: 0;
}

.c14 {
  font-size: 24px;
}

.c18 {
  width: 100%;
  display: -webkit-box;
  display: -webkit-flex;
  display: -ms-flexbox;
  display: flex;
  color: white;
  font-size: 14px;
  border-radius: 28px;
  background: inherit;
  cursor: pointer;
  height: 56px;
  border-radius: 28px;
  -webkit-letter-spacing: .6px;
  -moz-letter-spacing: .6px;
  -ms-letter-spacing: .6px;
  letter-spacing: .6px;
  border: 1px solid rgba(255,255,255,0.35);
}

.c18:hover {
  background: rgba(0,0,0,0.05);
}

.c45 {
  width: 100%;
  display: -webkit-box;
  display: -webkit-flex;
  display: -ms-flexbox;
  display: flex;
  color: white;
  font-size: 14px;
  border-radius: 28px;
  background: inherit;
  cursor: pointer;
  height: 56px;
  -webkit-letter-spacing: .6px;
  -moz-letter-spacing: .6px;
  -ms-letter-spacing: .6px;
  letter-spacing: .6px;
  background: #FB542B;
}

.c19 {
  font-family: Poppins,sans-serif;
  font-weight: 600;
  text-transform: uppercase;
  -webkit-letter-spacing: 0.39px;
  -moz-letter-spacing: 0.39px;
  -ms-letter-spacing: 0.39px;
  letter-spacing: 0.39px;
  margin: 0 auto;
}

.c0 {
  background: #f2f4f7;
  min-height: 100vh;
  min-width: 1024px;
  font-family: "Poppins",sans-serif;
}

.c1 {
  background-image: linear-gradient(267deg,#bf14a2,#f73a1c);
  height: 62px;
}

.c2 {
  max-width: 1000px;
  margin: 0 auto;
  padding: 40px 0;
}

.c17 {
  margin: 40px auto;
  max-width: 303px;
}

.c44 {
  max-width: 303px;
  margin: 0 auto;
}

.c42 {
  text-align: center;
}

.c24 {
  padding: 15px 0 0;
}

.c25 {
  margin: 0 auto;
  max-width: 692px;
  padding: 67px 0 20px;
}

.c4 {
  display: block;
}

.c31 {
  margin: 22px auto 0;
  max-width: 900px;
}

.c41 {
  margin: 0 auto;
  padding: 64px 0 79px;
  max-width: 500px;
  display: block;
}

.c3 {
  background: url(test-file-stub) no-repeat top;
}

.c6 {
  margin: 5px auto 0;
  height: 152px;
}

.c9 {
  font-weight: 500;
  color: #FFF;
  display: inline-block;
  margin: 17px 0 4px;
}

.c43 {
  color: #5C58C2;
  font-weight: normal;
  line-height: 28px;
  margin: 18px 0 30px;
}

.c27 {
  color: #222326;
  font-weight: normal;
  text-align: left;
  line-height: 28px;
  padding: 7px 0 21px;
  margin: 0;
}

.c13 {
  color: #5BC4FE;
  font-weight: 500;
  text-align: center;
  margin: 18px 0 7px;
}

.c12 {
  display: inline-block;
  vertical-align: text-top;
  margin-top: -25px;
  color: #FFF;
  font-size: 14px;
  font-weight: 300;
  opacity: 0.7;
}

.c16 {
  font-size: 16px;
  max-width: 375px;
  margin: 0 auto;
  line-height: 28px;
  color: #FFF;
}

.c20 {
  font-size: 16px;
  margin: 0 0 5px;
  line-height: 28px;
  color: #FFF;
  opacity: 0.5;
}

.c30 {
  font-size: 16px;
  line-height: 28px;
  color: #686978;
  -webkit-letter-spacing: 0.16px;
  -moz-letter-spacing: 0.16px;
  -ms-letter-spacing: 0.16px;
  letter-spacing: 0.16px;
  max-width: 475px;
  margin: 0 0 15px;
  font-weight: 400;
  font-family: Muli,sans-serif;
}

.c21 {
  padding: 0;
  border: none;
  background: none;
  cursor: pointer;
  color: #bf9fe3;
  height: 30px;
  overflow: hidden;
  outline: none;
}

.c21:focus {
  outline: 0;
}

@media (max-width:475px) {
  .c5 {
    padding-top: 35px;
  }
}

@media (max-width:640px) {
  .c32 {
    grid-gap: 20px;
    grid-template-columns: 1fr;
  }
}

@media (max-width:410px) {
  .c17 {
    margin: 40px 20px;
    max-width: unset;
  }
}

@media (max-width:767px) {
  .c25 {
    max-width: none;
    width: 100%;
    padding-top: 30px;
  }
}

@media (max-width:767px) {
  .c26 {
    margin: 0 auto;
    width: 80%;
  }
}

@media (max-width:980px) {
  .c3 {
    background: #F8FAFF;
  }
}

@media (max-width:460px) {
  .c6 {
    height: 100px;
  }
}

@media (max-width:360px) {
  .c9 {
    font-size: 36px;
  }
}

@media (max-width:360px) {
  .c13 {
    font-size: 22px;
  }
}

@media (max-width:400px) {
  .c8 {
    padding: 0 10px;
  }
}

<div
  className="c0"
  id="welcome-page"
>
  <div
    className="c1"
  />
  <div
    className="c2"
  >
    <div
      className="c3"
    >
      <div
        className="c4"
      >
        <div
          className="c5"
          id="rewards-hero"
        >
          <div
            className="c4"
          >
            <div
              className="c6"
            >
              <svg
                aria-hidden="true"
                className="c7"
                focusable="false"
                viewBox="0 0 32 32"
              >
                <path
                  d="M9.61 23.25h12.78L16 12 9.61 23.25z"
                  fill="#fff"
                  fillRule="evenodd"
                />
                <path
                  d="M3 26.8l7.67-4.52L16 13V4a.45.45 0 0 0-.38.28l-6.27 11-6.26 11a.48.48 0 0 0 0 .48"
                  fill="#ff4724"
                  fillRule="evenodd"
                />
                <path
                  d="M16 4v9l5.29 9.31L29 26.8a.48.48 0 0 0-.05-.48l-6.26-11-6.27-11A.45.45 0 0 0 16 4"
                  fill="#9e1f63"
                  fillRule="evenodd"
                />
                <path
                  d="M29 26.8l-7.67-4.52H10.71L3 26.8a.47.47 0 0 0 .43.2h25.1a.47.47 0 0 0 .43-.2"
                  fill="#662d91"
                  fillRule="evenodd"
                />
              </svg>
            </div>
            <div
              className="c8"
            >
              <h2
                className="c9 c10 c11"
              >
                MISSING: braveRewardsTitle
              </h2>
              <span
                className="c12"
              >
                TM
              </span>
              <h4
                className="c13 c14 c15"
              >
                MISSING: braveRewardsSubTitle
              </h4>
              <p
                className="c16"
              >
                MISSING: braveRewardsDesc
              </p>
            </div>
          </div>
          <section
            className="c17"
          >
            <button
              className="c18"
              data-test-id="optInAction"
              onClick={[Function]}
              type="opt-in"
            >
              <span
                className="c19"
              >
                MISSING: braveRewardsOptInText
              </span>
            </button>
          </section>
          <div
            className="c4"
          >
            <p
              className="c20"
            >
              MISSING: braveRewardsTeaser
            </p>
            <button
              className="c21"
              onClick={[Function]}
            >
              <svg
                aria-hidden="true"
                className="c22 c23"
                focusable="false"
                viewBox="0 0 32 32"
              >
                <path
                  d="M28 15H6.28l4.85-5.25a1 1 0 0 0-.05-1.42 1 1 0 0 0-1.41.06l-6.4 6.93a.7.7 0 0 0-.1.16.75.75 0 0 0-.09.15 1 1 0 0 0 0 .74.75.75 0 0 0 .09.15.7.7 0 0 0 .1.16l6.4 6.93a1 1 0 0 0 1.41.06 1 1 0 0 0 .05-1.42L6.28 17H28a1 1 0 0 0 0-2z"
                />
              </svg>
            </button>
          </div>
        </div>
      </div>
      <section
        className="c24"
      >
        <section
          className="c24"
        >
          <div
            className="c25"
          >
            <section
              className="c26"
            >
              <h3
                className="c27 c28 c29"
              >
                MISSING: whyBraveRewards
              </h3>
              <p
                className="c30"
              >
                MISSING: whyBraveRewardsDesc1
              </p>
              <p
                className="c30"
              >
                MISSING: whyBraveRewardsDesc2
              </p>
            </section>
          </div>
        </section>
        <section
          className="c31"
        >
          <section
            id="rewards-info"
          >
            <div
              className="c32"
            >
              <div
                className="c33"
              >
                <div
                  className="c34"
                >
                  <figure
                    className="c35"
                  >
                    <svg
                      aria-hidden="true"
                      className="c36"
                      focusable="false"
                      viewBox="0 0 32 32"
                    >
                      <path
                        d="M27.811 20.042l-5.28 5.282a4.738 4.738 0 0 1-2.646 1.34l-3.557.548c-.24.036-.483.055-.725.055H6.467V20.14l1.998-1.249a4.761 4.761 0 0 1 2.526-.724h7.07a.867.867 0 0 1 0 1.733h-4.556a1.733 1.733 0 0 0 0 3.467h6.584c.545 0 1.07-.205 1.47-.575l4.695-4.333c.213-.194.492-.298.78-.291a1.099 1.099 0 0 1 .777 1.875zM3.867 28.133H5.6v-8.666H3.867v8.666zM26.999 17.3c-.494 0-.97.185-1.333.52l-4.695 4.333c-.24.223-.555.347-.882.347h-6.584a.867.867 0 1 1 0-1.733h4.556a1.733 1.733 0 1 0 0-3.467h-7.07c-1.056 0-2.09.297-2.986.857l-1.538.963v-.52H3V29h3.467v-.867h9.136c.286 0 .573-.022.856-.065l3.558-.547a5.598 5.598 0 0 0 3.126-1.585l5.281-5.281c.37-.368.577-.868.576-1.39a1.976 1.976 0 0 0-1.986-1.965H27z"
                        fill="#FB542B"
                      />
                      <path
                        d="M14.267 8.2a.433.433 0 0 0 .402-.273L16 4.6l1.33 3.327a.433.433 0 0 0 .403.273h3.034l-2.427 1.82a.433.433 0 0 0-.158.46l.916 3.361-2.81-2.498a.433.433 0 0 0-.558-.015l-3.128 2.502 1.206-3.315a.433.433 0 0 0-.148-.495L11.233 8.2h3.034zm-1.384 2.32l-1.624 4.464a.433.433 0 0 0 .678.486l4.048-3.238 3.627 3.223a.433.433 0 0 0 .706-.437l-1.222-4.481 3.23-2.424a.433.433 0 0 0-.26-.78h-4.04l-1.623-4.06a.433.433 0 0 0-.805 0l-1.625 4.06h-4.04a.433.433 0 0 0-.26.78l3.21 2.407z"
                        fill="#D62BA3"
                      />
                      <path
                        d="M10.868 4.652l.626-.626 1.769 1.77-.625.625-1.77-1.769M18.395 5.796l1.769-1.77.625.626-1.769 1.769-.625-.625M8.816 11.553h2.395v-.685H8.816zM20.789 11.553h2.395v-.685h-2.395zM15.316 16H16v-2.395h-.684z"
                        fill="#9563D4"
                      />
                    </svg>
                  </figure>
                  <strong
                    className="c37"
                  >
                    MISSING: turnOnRewardsTitle
                  </strong>
                  <p
                    className="c38"
                  >
                    MISSING: turnOnRewardsDesc
                  </p>
                </div>
              </div>
              <div
                className="c33"
              >
                <div
                  className="c34"
                >
                  <figure
                    className="c35"
                  >
                    <svg
                      aria-hidden="true"
                      className="c39"
                      focusable="false"
                      viewBox="0 0 32 32"
                    >
                      <path
                        d="M22.052 11.456V6.667a.654.654 0 0 0-.35-.586.643.643 0 0 0-.674.044C16.37 9.417 13.696 9.84 11.887 9.84H6.714C4.666 9.84 3 11.543 3 13.637v1.41c0 2.093 1.666 3.796 3.714 3.796h2.483l2.695 6.677a.65.65 0 0 0 .849.363.672.672 0 0 0 .355-.867l-2.493-6.173h1.278c6.303 0 8.881 3.412 8.998 3.57a.643.643 0 0 0 .722.238.663.663 0 0 0 .445-.63v-4.783c1.29-.304 2.25-1.48 2.25-2.891.01-1.41-.955-2.592-2.244-2.89zM4.3 15.046v-1.41c0-1.36 1.082-2.467 2.414-2.467h2.27v6.346h-2.27c-1.332 0-2.414-1.107-2.414-2.468zm16.452 5.376c-1.443-1.215-4.276-2.907-8.87-2.907h-1.603v-6.346h1.602c1.857 0 4.52-.39 8.87-3.254v12.507zm1.3-4.583V12.85c.562.255.95.83.95 1.497a1.625 1.625 0 0 1-.95 1.492z"
                        fill="#E4BDE5"
                      />
                      <path
                        d="M28.257 13.5h-2.62c-.372 0-.673.28-.673.625s.301.625.673.625h2.62c.372 0 .673-.28.673-.625 0-.35-.3-.625-.673-.625zm-3.556-1.337a.636.636 0 0 0 .822.358l2.396-.933a.626.626 0 0 0 .356-.815.634.634 0 0 0-.821-.354l-2.396.934a.627.627 0 0 0-.357.81zm3.218 4.814l-2.394-.933a.633.633 0 0 0-.821.354.626.626 0 0 0 .356.815l2.395.934c.077.03.155.04.232.04.253 0 .49-.153.588-.4a.623.623 0 0 0-.356-.81z"
                        fill="#F3CD72"
                      />
                      <path
                        d="M14.384 15.32l-.167-.494h-1.01l-.167.494h-.535l.913-2.596h.592l.912 2.596h-.538zm-.305-.91l-.367-1.085-.367 1.085h.734zm1.054-.126c0-.643.407-1.055.923-1.055a.82.82 0 0 1 .658.32v-.978h.516v2.749h-.516v-.305c-.12.19-.345.338-.661.338-.513 0-.92-.427-.92-1.07zm1.585.007c0-.39-.255-.605-.535-.605-.272 0-.53.208-.53.598s.258.613.53.613c.28 0 .535-.216.535-.606zm2.573.442c0 .353-.302.62-.792.62-.506 0-.858-.3-.88-.683h.512c.019.156.16.275.364.275.2 0 .309-.093.309-.212 0-.368-1.138-.134-1.138-.888 0-.341.298-.616.796-.616.487 0 .782.271.81.68h-.486c-.015-.16-.138-.268-.338-.268-.19 0-.287.078-.287.197 0 .375 1.115.141 1.13.895z"
                        fill="#C12D7C"
                      />
                    </svg>
                  </figure>
                  <strong
                    className="c37"
                  >
                    MISSING: braveAdsTitle
                  </strong>
                  <p
                    className="c38"
                  >
                    MISSING: braveAdsDesc
                  </p>
                </div>
              </div>
              <div
                className="c33"
              >
                <div
                  className="c34"
                >
                  <figure
                    className="c35"
                  >
                    <svg
                      aria-hidden="true"
                      className="c40"
                      focusable="false"
                      viewBox="0 0 32 32"
                    >
                      <path
                        d="M7 21.128h18a4 4 0 0 1 0 8H7a4 4 0 0 1 0-8"
                        fill="#696FDC"
                      />
                      <path
                        d="M25.575 25.787c0 .409-.332.776-.93.776-.548 0-.969-.282-.977-.772h.565c.015.208.155.346.4.346.25 0 .395-.13.395-.317 0-.56-1.356-.222-1.352-1.162 0-.468.383-.75.926-.75.54 0 .91.27.943.739h-.58c-.012-.171-.152-.304-.377-.308-.208-.008-.363.093-.363.304 0 .52 1.35.23 1.35 1.144zm-2.212-1.04c0 .394-.27.795-.95.795h-.44v.996h-.528v-2.593h.968c.633 0 .95.353.95.802zm-1.39.375h.417c.298 0 .43-.145.43-.375 0-.237-.132-.38-.43-.38h-.418v.755zm-1.65 1.416h.526v-2.593h-.527v2.593zm-2.39-2.173v-.42h1.93v.42h-.702v2.173h-.527v-2.173h-.702zm-3.083 1.73h.373c.555 0 .867-.312.867-.85 0-.54-.312-.861-.867-.861h-.373v1.712zm.392-2.15c.841 0 1.387.513 1.387 1.3 0 .783-.546 1.293-1.387 1.293h-.919v-2.593h.92zM13.2 23.94h.528v2.597H13.2l-1.194-1.78v1.78h-.528V23.94h.528l1.194 1.784V23.94zm-2.276 0v.424h-.998v.65h.885v.412h-.885v.687h.998v.424H9.398V23.94h1.526zm-2.057 1.846c0 .409-.332.776-.93.776-.548 0-.969-.282-.977-.772h.565c.015.208.155.346.4.346.25 0 .396-.13.396-.317 0-.56-1.357-.222-1.353-1.162 0-.468.384-.75.927-.75.538 0 .908.27.942.739h-.58c-.012-.171-.15-.304-.377-.308-.208-.008-.362.093-.362.304 0 .52 1.35.23 1.35 1.144z"
                        fill="#FFF"
                      />
                      <path
                        d="M12.84 11.423l.733-.493 2.128-4.666v-2.45s.943-.71 1.741 0c.798.709 1.973 1.7.49 5.35h4.888c.426 0 2.65.654 1.127 2.758 0 0 1.402 1.523-.436 2.418 0 0 .842 1.62-.69 2.128 0 0 .763 1.862-.979 2.273h-7.108c-.508 0-1.563-.315-1.894-.726v-6.592z"
                        fill="#FFF"
                      />
                      <path
                        d="M23.578 12.259c.128.142.444.594.37.976-.048.247-.268.467-.655.655a.506.506 0 0 0-.226.679c.082.163.266.662.122 1.01-.077.187-.249.323-.526.414a.506.506 0 0 0-.307.663c.077.192.233.776.032 1.164-.105.202-.304.34-.607.42h-7.047c-.399 0-1.093-.23-1.394-.441v-6.11l.512-.344a.491.491 0 0 0 .176-.207l2.128-4.667a.491.491 0 0 0 .045-.207V4.099c.223-.1.597-.19.935.11.743.66 1.668 1.482.334 4.768a.5.5 0 0 0 .462.688h4.887c.181.004.873.213 1.087.643.2.402-.088.94-.364 1.32a.503.503 0 0 0 .036.63zm1.215-2.413c-.46-.901-1.608-1.181-1.973-1.181h-4.164c1.09-3.114.18-4.282-.882-5.225-.87-.775-1.933-.356-2.373-.026a.5.5 0 0 0-.2.4v2.34l-1.96 4.302a.493.493 0 0 0-.4-.214H7.63a.5.5 0 0 0-.5.5v8.52a.5.5 0 0 0 .5.5h5.21c.276 0 .5-.222.5-.5v-.342c.51.21 1.075.32 1.393.32h7.11a.496.496 0 0 0 .114-.013c.781-.184 1.15-.62 1.32-.953.276-.536.23-1.13.144-1.532.397-.236.595-.544.695-.788.204-.504.123-1.032.015-1.396.445-.305.714-.688.8-1.14.116-.618-.152-1.18-.373-1.515.57-.943.451-1.631.234-2.057z"
                        fill="#444"
                      />
                      <path
                        d="M8.13 18.763h4.21v-7.521H8.13z"
                        fill="#83DC94"
                      />
                    </svg>
                  </figure>
                  <strong
                    className="c37"
                  >
                    MISSING: braveContributeTitle
                  </strong>
                  <p
                    className="c38"
                  >
                    MISSING: braveContributeDesc
                  </p>
                </div>
              </div>
            </div>
          </section>
        </section>
        <section
          className="c41"
        >
          <section
            className="c42"
          >
            <h4
              className="c43 c14 c15"
            >
              MISSING: readyToTakePart
            </h4>
            <section
              className="c44"
            >
              <button
                className="c45"
                onClick={[Function]}
                type="cta-opt-in"
              >
                <span
                  className="c19"
                >
                  MISSING: readyToTakePartOptInText
                </span>
              </button>
            </section>
          </section>
        </section>
      </section>
    </div>
  </div>
</div>
`;
