// Jest Snapshot v1, https://goo.gl/fbAQLP

exports[`Button tests basic tests matches the snapshot 1`] = `
.c0 {
  display: inline-block;
  overflow: hidden;
  border: 1px solid rgb();
}

.c0:hover {
  border-color: rgba(,0.9);
}

.c0:active {
  border-color: rgba(,0.6);
}

.c1 {
  text-align: center;
  box-sizing: border-box;
  font-family: Poppins;
  -webkit-letter-spacing: 0;
  -moz-letter-spacing: 0;
  -ms-letter-spacing: 0;
  letter-spacing: 0;
  font-weight: 600;
  line-height: 1;
  cursor: pointer;
  -webkit-user-select: none;
  -moz-user-select: none;
  -ms-user-select: none;
  user-select: none;
}

<div
  className="c0"
  id="button"
>
  <div
    className="c1"
    color={undefined}
    disabled={undefined}
    size={undefined}
    type={undefined}
  />
</div>
`;
