// Jest Snapshot v1, https://goo.gl/fbAQLP

exports[`ButtonGhost tests basic tests matches the snapshot 1`] = `
.c0 {
  display: inline-block;
  text-align: center;
  box-sizing: border-box;
  font-family: Poppins;
  -webkit-letter-spacing: 0;
  -moz-letter-spacing: 0;
  -ms-letter-spacing: 0;
  letter-spacing: 0;
  font-weight: 600;
  line-height: 1;
  cursor: pointer;
  -webkit-user-select: none;
  -moz-user-select: none;
  -ms-user-select: none;
  user-select: none;
  color: rgba(,0.9);
}

.c0:hover {
  color: rgba(,1);
}

.c0:active {
  color: rgba(,0.6);
}

<div
  className="c0"
  id="button"
/>
`;
