// Jest Snapshot v1, https://goo.gl/fbAQLP

exports[`SimpleIcon tests basic tests matches the snapshot 1`] = `
<span>
  <svg />
</span>
`;
