// Jest Snapshot v1, https://goo.gl/fbAQLP

exports[`PanelOff tests basic tests matches the snapshot 1`] = `
.c0 {
  padding: 32px 20px 46px;
  text-align: center;
  font-family: Poppins;
}

.c1 {
  font-size: 16px;
  font-weight: 500;
  line-height: 1.75;
  -webkit-letter-spacing: 0.1px;
  -moz-letter-spacing: 0.1px;
  -ms-letter-spacing: 0.1px;
  letter-spacing: 0.1px;
  text-align: center;
  color: #5bc4fe;
}

.c2 {
  font-family: Muli;
  font-size: 16px;
  line-height: 1.75;
  text-align: center;
  color: #686978;
}

<div
  className="c0"
  id="off"
>
  <div
    className="c1"
  >
    Get Rewarded for Browsing!
  </div>
  <div
    className="c2"
  >
    Earn tokens for your attention to ads and pay it forward to support content creators you value!
  </div>
</div>
`;
