// Jest Snapshot v1, https://goo.gl/fbAQLP

exports[`PanelWelcome tests basic tests matches the snapshot 1`] = `
.c7 {
  box-sizing: border-box;
  font-family: Poppins,sans-serif;
  font-weight: 400;
  -webkit-font-smoothing: antialiased;
  margin: 0;
}

.c6 {
  font-size: 24px;
}

.c0 {
  text-align: center;
  font-family: Poppins,sans-serif;
  background-image: linear-gradient(140deg,#392DD1 0%,#8E2995 100%);
}

.c1 {
  margin: 0 auto;
  display: inline-block;
  padding: 35px 30px 25px;
  background: url(test-file-stub) no-repeat top;
}

.c2 {
  width: 261px;
  color: #FFFFFF;
  font-size: 16px;
  font-weight: 300;
  -webkit-letter-spacing: 0.16px;
  -moz-letter-spacing: 0.16px;
  -ms-letter-spacing: 0.16px;
  letter-spacing: 0.16px;
  line-height: 22px;
  margin: 0 auto;
  opacity: 0.5;
  font-family: Muli,sans-serif;
}

.c3 {
  display: block;
  margin: -10px auto 2px;
  width: 150px;
  height: 115px;
  padding: 20px 0 15px;
}

.c5 {
  color: #FFFFFF;
  font-weight: 400;
  line-height: 22px;
  margin: 0;
  display: inline-block;
}

.c9 {
  color: #FFFFFF;
  font-size: 16px;
  font-weight: normal;
  -webkit-letter-spacing: 0;
  -moz-letter-spacing: 0;
  -ms-letter-spacing: 0;
  letter-spacing: 0;
  line-height: 24px;
  opacity: 0.5;
  margin: 15px auto 23px;
  text-align: center;
  width: 280px;
  font-family: Muli,sans-serif;
}

.c10 {
  margin: 0 auto 25px;
  display: inline-block;
}

.c14 {
  color: #73CBFF;
  font-size: 14px;
  font-weight: 500;
  -webkit-letter-spacing: -0.19px;
  -moz-letter-spacing: -0.19px;
  -ms-letter-spacing: -0.19px;
  letter-spacing: -0.19px;
  line-height: 21px;
  display: block;
  text-align: center;
  cursor: pointer;
}

.c8 {
  display: inline-block;
  vertical-align: text-top;
  margin-top: -13px;
  color: #FFF;
  font-size: 9px;
  font-weight: 500;
  opacity: 0.7;
}

.c4 {
  width: 100%;
  height: 100%;
  fill: currentColor;
}

.c12 {
  --button-main-color: #FFFFFF;
  --button-main-color-hover: #FEFEFE;
  --button-main-color-active: #FFFFFF;
  --button-state-color: var(--button-main-color);
  --icon-size: 18px;
  --icon-spacing: 6px;
  --webkit-appearance: none;
  box-sizing: border-box;
  background: none;
  border: none;
  outline: none;
  display: -webkit-box;
  display: -webkit-flex;
  display: -ms-flexbox;
  display: flex;
  -webkit-flex-direction: row-reverse;
  -ms-flex-direction: row-reverse;
  flex-direction: row-reverse;
  -webkit-box-pack: center;
  -webkit-justify-content: center;
  -ms-flex-pack: center;
  justify-content: center;
  -webkit-align-items: center;
  -webkit-box-align: center;
  -ms-flex-align: center;
  align-items: center;
  font-family: Poppins,sans-serif;
  cursor: pointer;
  -webkit-user-select: none;
  -moz-user-select: none;
  -ms-user-select: none;
  user-select: none;
  font-size: 14px;
  border-radius: 28px;
  width: 100%;
  min-width: 235px;
  padding: 19px 15px;
}

.c12:hover:enabled {
  --button-state-color: var(--button-main-color-hover);
}

.c12:active:enabled {
  --button-state-color: var(--button-main-color-active);
}

.c11 {
  border: 1px solid;
  color: var(--button-state-color);
}

.c13 {
  min-height: var(--icon-size);
  display: -webkit-box;
  display: -webkit-flex;
  display: -ms-flexbox;
  display: flex;
  -webkit-align-items: center;
  -webkit-box-align: center;
  -ms-flex-align: center;
  align-items: center;
  text-align: center;
  -webkit-letter-spacing: 0;
  -moz-letter-spacing: 0;
  -ms-letter-spacing: 0;
  letter-spacing: 0;
  font-weight: 500;
  text-transform: uppercase;
  line-height: 1;
}

<div
  className="c0"
  id="panel-welcome"
>
  <div
    className="c1"
  >
    <p
      className="c2"
    >
      MISSING: welcomeHeaderOne
    </p>
    <span
      className="c3"
    >
      <svg
        aria-hidden="true"
        className="c4"
        focusable="false"
        viewBox="0 0 32 32"
      >
        <path
          d="M9.61 23.25h12.78L16 12 9.61 23.25z"
          fill="#fff"
          fillRule="evenodd"
        />
        <path
          d="M3 26.8l7.67-4.52L16 13V4a.45.45 0 0 0-.38.28l-6.27 11-6.26 11a.48.48 0 0 0 0 .48"
          fill="#ff4724"
          fillRule="evenodd"
        />
        <path
          d="M16 4v9l5.29 9.31L29 26.8a.48.48 0 0 0-.05-.48l-6.26-11-6.27-11A.45.45 0 0 0 16 4"
          fill="#9e1f63"
          fillRule="evenodd"
        />
        <path
          d="M29 26.8l-7.67-4.52H10.71L3 26.8a.47.47 0 0 0 .43.2h25.1a.47.47 0 0 0 .43-.2"
          fill="#662d91"
          fillRule="evenodd"
        />
      </svg>
    </span>
    <h4
      className="c5 c6 c7"
    >
      MISSING: braveRewards
    </h4>
    <span
      className="c8"
    >
      TM
    </span>
    <p
      className="c9"
    >
      MISSING: welcomeDescOne
    </p>
    <div
      className="c10"
    >
      <button
        className="c11 c12"
        size="call-to-action"
        type="white"
      >
        <div
          className="c13"
          size="call-to-action"
          type="white"
        >
          MISSING: welcomeButtonTextOne
        </div>
      </button>
    </div>
    <div
      className="c14"
    >
      MISSING: welcomeFooterTextOne
    </div>
  </div>
</div>
`;
