// Jest Snapshot v1, https://goo.gl/fbAQLP

exports[`Modal tests basic tests matches the snapshot 1`] = `
.c0 {
  position: fixed;
  top: 0;
  left: 0;
  width: 100%;
  height: 100vh;
  background: rgba(12,13,33,0.85);
  z-index: 99;
  padding: 0 20px;
}

.c1 {
  max-width: 920px;
  margin: 52px auto;
  padding: 61px 50px;
  background: #fff;
  border-radius: 6px;
  overflow: hidden;
  position: relative;
}

.c2 {
  position: absolute;
  top: 19px;
  right: 19px;
  padding: 10px;
}

<div
  className="c0"
  id="modal"
  onClick={[Function]}
>
  <div
    className="c1"
  >
    <div
      className="c2"
      onClick={undefined}
    >
      <svg
        height="11"
        width="11"
        xmlns="http://www.w3.org/2000/svg"
      >
        <path
          d="M1.017 11l-.982-.971L4.551 5.48 0 .976.969 0l4.547 4.502L9.923.066l.985.975-4.407 4.436L11 9.932l-.969.977-4.499-4.456z"
          fill="#DFDFE8"
          fillRule="evenodd"
        />
      </svg>
    </div>
    <div
      className=""
    />
  </div>
</div>
`;
