// Jest Snapshot v1, https://goo.gl/fbAQLP

exports[`ModalBackupRestore tests basic tests matches the snapshot 1`] = `
.c26 {
  --button-main-color: #FB542B;
  --button-main-color-hover: #F43405;
  --button-main-color-active: #FDBBAA;
  --button-state-color: var(--button-main-color);
  --icon-size: 16px;
  --icon-spacing: 6px;
  --webkit-appearance: none;
  box-sizing: border-box;
  background: none;
  border: none;
  outline: none;
  display: -webkit-box;
  display: -webkit-flex;
  display: -ms-flexbox;
  display: flex;
  -webkit-flex-direction: row-reverse;
  -ms-flex-direction: row-reverse;
  flex-direction: row-reverse;
  -webkit-box-pack: center;
  -webkit-justify-content: center;
  -ms-flex-pack: center;
  justify-content: center;
  -webkit-align-items: center;
  -webkit-box-align: center;
  -ms-flex-align: center;
  align-items: center;
  font-family: Poppins,sans-serif;
  cursor: pointer;
  -webkit-user-select: none;
  -moz-user-select: none;
  -ms-user-select: none;
  user-select: none;
  font-size: 13px;
  border-radius: 20px;
  width: auto;
  min-width: 104px;
  padding: 11px 15px;
}

.c26:hover:enabled {
  --button-state-color: var(--button-main-color-hover);
}

.c26:active:enabled {
  --button-state-color: var(--button-main-color-active);
}

.c28 {
  color: #fff;
  background: var(--button-state-color);
  border: 1px solid var(--button-state-color);
}

.c25 {
  border: 1px solid;
  color: var(--button-state-color);
}

.c27 {
  min-height: var(--icon-size);
  display: -webkit-box;
  display: -webkit-flex;
  display: -ms-flexbox;
  display: flex;
  -webkit-align-items: center;
  -webkit-box-align: center;
  -ms-flex-align: center;
  align-items: center;
  text-align: center;
  -webkit-letter-spacing: 0;
  -moz-letter-spacing: 0;
  -ms-letter-spacing: 0;
  letter-spacing: 0;
  font-weight: 500;
  text-transform: none;
  line-height: 1;
}

.c18 {
  color: #4c54d2;
  cursor: pointer;
}

.c23 {
  margin-top: 40px;
  display: -webkit-box;
  display: -webkit-flex;
  display: -ms-flexbox;
  display: flex;
  -webkit-box-pack: center;
  -webkit-justify-content: center;
  -ms-flex-pack: center;
  justify-content: center;
}

.c24 {
  margin: 0 8px;
}

.c5 {
  width: 100%;
  text-align: center;
  margin-bottom: 20px;
}

.c6 {
  font-size: 22px;
  font-weight: normal;
  -webkit-letter-spacing: 0;
  -moz-letter-spacing: 0;
  -ms-letter-spacing: 0;
  letter-spacing: 0;
  line-height: 40px;
  font-family: Poppins,sans-serif;
}

.c8 {
  margin: 0 auto;
  max-width: 400px;
}

.c7 {
  width: 100%;
  margin-bottom: 30px;
}

.c22 {
  font-size: 16px;
  font-weight: 200;
  -webkit-letter-spacing: 0;
  -moz-letter-spacing: 0;
  -ms-letter-spacing: 0;
  letter-spacing: 0;
  line-height: 26px;
  font-family: Muli,sans-serif;
}

.c21 {
  margin-bottom: 25px;
}

.c3 {
  width: 100%;
  height: 100%;
  fill: currentColor;
}

.c16 {
  width: 100%;
  margin-bottom: 12px;
}

.c17 {
  width: 100%;
  font-family: Poppins,sans-serif;
  line-height: normal;
  font-size: 14px;
  font-weight: 500;
  margin-bottom: 7px;
  padding-left: 2px;
  -webkit-letter-spacing: 0;
  -moz-letter-spacing: 0;
  -ms-letter-spacing: 0;
  letter-spacing: 0;
  --controlWrapper-label-color: #686978;
  color: var(--controlWrapper-label-color);
}

.c0 {
  position: fixed;
  top: 0;
  left: 0;
  width: 100%;
  height: 100vh;
  background: rgba(12,13,33,0.85);
  z-index: 99;
  padding: 0 20px;
  overflow: hidden;
}

.c1 {
  max-width: 666px;
  margin: 52px auto;
  background: #fff;
  border-radius: 6px;
  overflow: hidden;
  position: relative;
}

.c2 {
  position: absolute;
  top: 19px;
  right: 19px;
  cursor: pointer;
  width: 16px;
  height: 16px;
  color: #B8B9C4;
}

.c4 {
  padding: 61px 50px;
  overflow-y: auto;
  max-height: calc(100vh - 100px);
}

.c19 {
  width: 100%;
}

.c20 {
  min-height: 140px;
  box-sizing: border-box;
  width: 100%;
  font-family: Muli,sans-serif;
  border: 1px solid #DFDFE8;
  color: #686978;
  border-radius: 6px;
  padding: 15px 20px;
  font-size: 16px;
  line-height: 26px;
}

.c20:disabled {
  background: #fff;
}

.c20:focus {
  border-color: #A1A8F2;
  outline: none;
}

.c9 {
  display: -webkit-box;
  display: -webkit-flex;
  display: -ms-flexbox;
  display: flex;
  font-family: Poppins,sans-serif;
}

.c10 {
  position: relative;
  display: block;
  width: 100%;
  height: 43px;
  cursor: pointer;
}

.c11 {
  width: 100%;
  height: 100%;
  background: #DFDFE8;
  border-radius: 21.5px 21.5px 21.5px 21.5px;
}

.c15 {
  top: -17px;
  width: 50%;
  height: 37px;
  background: #FFF;
  border-radius: 21.5px 21.5px 21.5px 21.5px;
  position: relative;
  -webkit-transition: all .4s ease;
  transition: all .4s ease;
  -webkit-transform: translate(calc(97%),calc(-50% - 4px));
  -ms-transform: translate(calc(97%),calc(-50% - 4px));
  transform: translate(calc(97%),calc(-50% - 4px));
  box-shadow: 0 3px 3px rgba(0,0,0,0.05);
}

.c12 {
  width: 50%;
  display: block;
  height: 100%;
  float: left;
}

.c14 {
  width: 50%;
  display: block;
  height: 100%;
  float: right;
}

.c13 {
  z-index: 9;
  position: relative;
  font-size: 14px;
  width: 70%;
  margin: 13px auto 0 auto;
  text-overflow: ellipsis;
  display: block;
  overflow: hidden;
  text-align: center;
  -webkit-user-select: none;
  -moz-user-select: none;
  -ms-user-select: none;
  user-select: none;
  color: #585968;
  font-weight: normal;
}

<div
  className="c0"
  id="modal"
  onClick={[Function]}
>
  <div
    className="c1"
    size="small"
  >
    <div
      className="c2"
      onClick={[Function]}
    >
      <svg
        aria-hidden="true"
        className="c3"
        focusable="false"
        viewBox="0 0 32 32"
      >
        <path
          d="M28.71 27.29L17.41 16l11.3-11.29a1 1 0 1 0-1.42-1.42L16 14.59 4.71 3.29a1 1 0 0 0-1.42 1.42L14.59 16 3.29 27.29a1 1 0 0 0 0 1.42 1 1 0 0 0 1.42 0L16 17.41l11.29 11.3a1 1 0 0 0 1.42 0 1 1 0 0 0 0-1.42z"
        />
      </svg>
    </div>
    <div
      className="c4"
    >
      <div
        className="c5"
      >
        <span
          className="c6"
        >
          MISSING: manageWallet
        </span>
      </div>
      <div
        className="c7"
      >
        <div
          className="c8"
        >
          <div
            className="c9"
          >
            <div
              className="c10"
            >
              <div
                className="c11"
              >
                <div
                  className="c12"
                  onClick={[Function]}
                >
                  <div
                    className="c13"
                    selected={false}
                  >
                    MISSING: backup
                  </div>
                </div>
                <div
                  className="c14"
                  onClick={[Function]}
                >
                  <div
                    className="c13"
                    selected={false}
                  >
                    MISSING: restore
                  </div>
                </div>
              </div>
              <div
                className="c15"
              />
            </div>
          </div>
        </div>
      </div>
      <div
        className="c16"
      >
        <div
          className="c17"
          disabled={false}
          type="light"
        >
          MISSING: rewardsRestoreText4
           
          <label
            className="c18"
            htmlFor="recoverFile"
          >
            MISSING: import
          </label>
          <input
            id="recoverFile"
            name="recoverFile"
            onChange={[Function]}
            style={
              Object {
                "display": "none",
              }
            }
            type="file"
          />
        </div>
        <div
          className="c19"
        >
          <textarea
            className="c20"
            onChange={[Function]}
            value=""
          />
        </div>
      </div>
      <div
        className="c21"
      >
        <p
          className="c22"
        >
          MISSING: rewardsRestoreText3
        </p>
      </div>
      <div
        className="c23"
      >
        <button
          className="c24 c25 c26"
          onClick={[Function]}
          size="medium"
          type="accent"
        >
          <div
            className="c27"
            size="medium"
            type="accent"
          >
            MISSING: cancel
          </div>
        </button>
        <button
          className="c24 c28 c26"
          onClick={[Function]}
          size="medium"
          type="accent"
        >
          <div
            className="c27"
            size="medium"
            type="accent"
          >
            MISSING: restore
          </div>
        </button>
      </div>
    </div>
  </div>
</div>
`;
