// Jest Snapshot v1, https://goo.gl/fbAQLP

exports[`Donate tests basic tests matches the snapshot 1`] = `
.c0 {
  position: relative;
  font-family: Muli,sans-serif;
  margin: 0px;
  --donate-content-padding: 0 0 0 23px;
  --donate-send-bg: #392dd1;
  --donate-send-color: #fff;
  --donate-send-padding: 11px 0 10px 47px;
  --donate-funds-padding: 12px 0 11px 25px;
}

.c1 {
  margin-top: 0px;
  padding: var(--donate-content-padding);
}

.c2 {
  font-size: 16px;
  font-weight: 600;
  line-height: 1.75;
  color: #fff;
  margin-bottom: 14px;
  white-space: nowrap;
  overflow: hidden;
  text-overflow: ellipsis;
  max-width: 167px;
  padding-left: 0px;
}

.c4 {
  background: var(--donate-send-bg);
  font-size: 12px;
  font-weight: 600;
  -webkit-letter-spacing: 0.2px;
  -moz-letter-spacing: 0.2px;
  -ms-letter-spacing: 0.2px;
  letter-spacing: 0.2px;
  color: var(--donate-send-color);
  padding: var(--donate-send-padding);
  text-transform: uppercase;
  border: none;
  width: 100%;
  text-align: left;
  padding-bottom: 13px;
}

.c6 {
  display: block;
  border: none;
  font-size: 12px;
  font-weight: 600;
  text-transform: uppercase;
  background: var(--donate-send-bg);
  cursor: pointer;
}

.c5 {
  display: block;
  width: 245px;
  margin: 0 auto;
}

.c7 {
  vertical-align: middle;
  display: inline-block;
  margin-right: 15px;
  color: #353dab;
  width: 27px;
  height: 27px;
}

.c3 {
  width: 100%;
  display: block;
}

.c8 {
  width: 100%;
  height: 100%;
  fill: currentColor;
}

<div
  className="c0"
  disabled={false}
>
  <div
    className="c1"
    id="donate"
  >
    <div
      className="c2"
    />
    <div
      className="c3"
    />
  </div>
  <div
    className="c4"
    data-test-id="send-tip-button"
    onClick={[Function]}
  >
    <div
      className="c5"
    >
      <button
        className="c6"
      >
        <span
          className="c7"
          disabled={false}
        >
          <svg
            aria-hidden="true"
            className="c8"
            focusable="false"
            viewBox="0 0 32 32"
          >
            <path
              d="M29 4v-.07a1 1 0 0 0 0-.24.42.42 0 0 0 0-.1.84.84 0 0 0-.18-.28.84.84 0 0 0-.29-.2h-.1a1 1 0 0 0-.37-.11H28a.87.87 0 0 0-.28.05h-.07L3.6 13.66a1 1 0 0 0-.12 1.77l8.17 4.94 5.14 8.16a1 1 0 0 0 .84.47h.08a1 1 0 0 0 .84-.6l10.37-24A1 1 0 0 0 29 4zm-5.47 3L12.21 18.38l-6.05-3.67zm-6.06 18.86l-3.83-6.08L25 8.41z"
            />
          </svg>
        </span>
      </button>
    </div>
  </div>
</div>
`;
