// Jest Snapshot v1, https://goo.gl/fbAQLP

exports[`ControlWrapper tests basic tests matches the snapshot 1`] = `
.c0 {
  max-width: 254px;
  width: 100%;
  margin-bottom: 12px;
}

<div
  className="c0"
  id="wrapper"
/>
`;
